shim qammod vs forge, Q= 4 : maxdiff = 0
shim qammod vs forge, Q=16 : maxdiff = 0
=== R7 ref vectors (grassbox) ===
T=4 M=2 N=4  NREF=200  SNRdB=15  NoiseVar=0.015811388300841896  seed=20260919
alpha (Grass-Lattice) = 0.14999999999999999
octave 10.3.0

--- A1 Grass-Lattice  B'=1  P=2  Nbits=8  K=256 ---
lattice = 0.14999999999999999 0.84999999999999998 
noiseless roundtrip failures : 4 / 200
index errors at 15 dB        : 6 / 200
saved ref_A1_T4_Bp1.mat

--- A1 Grass-Lattice  B'=2  P=4  Nbits=16  K=65536 ---
lattice = 0.14999999999999999 0.3833333333333333 0.61666666666666659 0.84999999999999987 
noiseless roundtrip failures : 0 / 200
index errors at 15 dB        : 58 / 200
saved ref_A1_T4_Bp2.mat

--- A2 Exp-Map  Q=4  Nbits=8  K=256 ---
noiseless roundtrip failures : 0 / 200
index errors at 15 dB        : 6 / 200
qam_map (symbol 0..3):
   0  -0.70710678118654746 +0.70710678118654746i
   1  -0.70710678118654746 -0.70710678118654746i
   2   0.70710678118654746 +0.70710678118654746i
   3   0.70710678118654746 -0.70710678118654746i
saved ref_A2_T4_Q4.mat

--- A2 Exp-Map  Q=16  Nbits=16  K=65536 ---
noiseless roundtrip failures : 0 / 200
index errors at 15 dB        : 119 / 200
qam_map (symbol 0..15):
   0  -0.94868329805051377 +0.94868329805051377i
   1  -0.94868329805051377 +0.31622776601683794i
   2  -0.94868329805051377 -0.94868329805051377i
   3  -0.94868329805051377 -0.31622776601683794i
   4  -0.31622776601683794 +0.94868329805051377i
   5  -0.31622776601683794 +0.31622776601683794i
   6  -0.31622776601683794 -0.94868329805051377i
   7  -0.31622776601683794 -0.31622776601683794i
   8   0.94868329805051377 +0.94868329805051377i
   9   0.94868329805051377 +0.31622776601683794i
  10   0.94868329805051377 -0.94868329805051377i
  11   0.94868329805051377 -0.31622776601683794i
  12   0.31622776601683794 +0.94868329805051377i
  13   0.31622776601683794 +0.31622776601683794i
  14   0.31622776601683794 -0.94868329805051377i
  15   0.31622776601683794 -0.31622776601683794i
saved ref_A2_T4_Q16.mat

=== done ===
